<?xml version="1.0" encoding="UTF-8"?>
<office:document-meta xmlns:meta="urn:oasis:names:tc:opendocument:xmlns:meta:1.0" xmlns:office="urn:oasis:names:tc:opendocument:xmlns:office:1.0" xmlns:dc="http://purl.org/dc/elements/1.1/" office:version="1.1"><office:meta><meta:generator>PHP-ODT 0.3</meta:generator><meta:creation-date>2013-01-01T12:00:00</meta:creation-date></office:meta></office:document-meta>
