<?xml version="1.0" encoding="UTF-8"?>
<office:document-styles xmlns:office="urn:oasis:names:tc:opendocument:xmlns:office:1.0" xmlns:style="urn:oasis:names:tc:opendocument:xmlns:style:1.0" xmlns:text="urn:oasis:names:tc:opendocument:xmlns:text:1.0" xmlns:fo="urn:oasis:names:tc:opendocument:xmlns:xsl-fo-compatible:1.0" xmlns:svg="urn:oasis:names:tc:opendocument:xmlns:svg-compatible:1.0" xmlns:draw="urn:oasis:names:tc:opendocument:xmlns:drawing:1.0" xmlns:table="urn:oasis:names:tc:opendocument:xmlns:table:1.0" xmlns:xlink="http://www.w3.org/1999/xlink"><office:font-face-decls><style:font-face style:name="Courier" svg:font-family="Courier" style:font-family-generic="modern" style:font-pitch="fixed"/><style:font-face style:name="DejaVu Serif" svg:font-family="&amp;apos;DejaVu Serif&amp;apos;" style:font-family-generic="roman" style:font-pitch="variable"/><style:font-face style:name="Times New Roman" svg:font-family="&amp;apos;Times New Roman&amp;apos;" style:font-family-generic="roman" style:font-pitch="variable"/><style:font-face style:name="DejaVu Sans" svg:font-family="&amp;apos;DejaVu Sans&amp;apos;" style:font-family-generic="swiss" style:font-pitch="variable"/><style:font-face style:name="Verdana" svg:font-family="Verdana" style:font-family-generic="swiss" style:font-pitch="variable"/></office:font-face-decls><office:styles><style:style style:name="t1" style:family="text"><style:text-properties fo:color="#ff0000"/><style:text-properties fo:font-weight="bold"/><style:text-properties fo:font-size="20"/></style:style></office:styles><office:automatic-styles/><office:master-styles/></office:document-styles>
